    0  00000 0000            psect  cdi_bpsys,(Sbrtn<<8)|Objct,(SupStat+ReEnt<<8)|0,0,0,main 
    1
    2  00000 907b main:      dc.w   $907b      
    3  00002 1a0a            dc.w   $1a0a      
    4
    5  00004 0000            ends              
    6
