    0  00000 0000            psect  remote_t_c,0,0,0,0,main 
    1
    2
    3 * Uninitialized Data (Class "G")
    4
    5  00000 0000            vsect  remote     
    6  00000 0000 bigarray:  ds.b   40000      
    7
    8
    9  00000 0000            ends              
   10
   11
   12 * Initialized Data (Class "H")
   13
   14  00000 0000            vsect  remote     
   15  00000 0000 loremIpsum: dc.b   "Lorem ipsum dolor sit am" 
   16  00018 0000            dc.b   "et, consectetur adipisci" 
   17  00030 0000            dc.b   "ng elit. Morbi sit amet " 
   18  00048 0000            dc.b   "tellus purus. Ut sceleri" 
   19  00060 0000            dc.b   "sque iaculis nisl, eget " 
   20  00078 0000            dc.b   "gravida mauris varius a." 
   21  00090 0000            dc.b   " Fusce id nunc et ligula" 
   22  000a8 0000            dc.b   " placerat dapibus. Curab" 
   23  000c0 0000            dc.b   "itur eu aliquet urna, si" 
   24  000d8 0000            dc.b   "t amet sodales justo. Qu" 
   25  000f0 0000            dc.b   "isque velit ante, varius" 
   26  00108 0000            dc.b   " in euismod vitae, males" 
   27  00120 0000            dc.b   "uada vel orci. Vestibulu" 
   28  00138 0000            dc.b   "m tincidunt orci purus, " 
   29  00150 0000            dc.b   "in ullamcorper urna blan" 
   30  00168 0000            dc.b   "dit eget. Ut vel dictum " 
   31  00180 0000            dc.b   "eros. Morbi placerat arc" 
   32  00198 0000            dc.b   "u quis enim congue, a co" 
   33  001b0 0000            dc.b   "mmodo elit vestibulum. P" 
   34  001c8 0000            dc.b   "ellentesque semper matti" 
   35  001e0 0000            dc.b   "s turpis, id placerat es" 
   36  001f8 0000            dc.b   "t condimentum id.",$13 
   37  0020a 0000            dc.b   $13,"Suspendisse sollicit" 
   38  0021f 0000            dc.b   "udin, eros sed scelerisq" 
   39  00237 0000            dc.b   "ue euismod, enim lectus " 
   40  0024f 0000            dc.b   "facilisis nisi, vel soll" 
   41  00267 0000            dc.b   "icitudin neque massa in " 
   42  0027f 0000            dc.b   "sem. Phasellus bibendum," 
   43  00297 0000            dc.b   " nibh non varius lacinia" 
   44  002af 0000            dc.b   ", urna leo ultrices ex, " 
   45  002c7 0000            dc.b   "dictum interdum libero j" 
   46  002df 0000            dc.b   "usto vel ante. Duis soll" 
   47  002f7 0000            dc.b   "icitudin, metus sed cons" 
   48  0030f 0000            dc.b   "equat cursus, eros justo" 
   49  00327 0000            dc.b   " dignissim nunc, sed ele" 
   50  0033f 0000            dc.b   "ifend felis erat id magn" 
   51  00357 0000            dc.b   "a. Aliquam vel scelerisq" 
   52  0036f 0000            dc.b   "ue sem, non mollis lacus" 
   53  00387 0000            dc.b   ". Aenean at molestie lac" 
   54  0039f 0000            dc.b   "us, pellentesque porta e" 
   55  003b7 0000            dc.b   "st. Vestibulum sit amet " 
   56  003cf 0000            dc.b   "turpis maximus neque veh" 
   57  003e7 0000            dc.b   "icula euismod. Aliquam h" 
   58  003ff 0000            dc.b   "endrerit aliquam lectus," 
   59  00417 0000            dc.b   " eu vehicula sem dapibus" 
   60  0042f 0000            dc.b   " pellentesque. Donec eu " 
   61  00447 0000            dc.b   "pharetra ex. Fusce sodal" 
   62  0045f 0000            dc.b   "es interdum elit, id pul" 
   63  00477 0000            dc.b   "vinar sem euismod quis. " 
   64  0048f 0000            dc.b   "In enim turpis, aliquet " 
   65  004a7 0000            dc.b   "nec nulla vel, laoreet u" 
   66  004bf 0000            dc.b   "ltricies turpis. Suspend" 
   67  004d7 0000            dc.b   "isse potenti. Integer ul" 
   68  004ef 0000            dc.b   "tricies sollicitudin mas" 
   69  00507 0000            dc.b   "sa ut tempus. Phasellus " 
   70  0051f 0000            dc.b   "a diam ac urna suscipit " 
   71  00537 0000            dc.b   "viverra. Ut quis ornare " 
   72  0054f 0000            dc.b   "justo, vitae vestibulum " 
   73  00567 0000            dc.b   "sapien.",$13,$13,"Aliqua" 
   74  00576 0000            dc.b   "m imperdiet, mi id vesti" 
   75  0058e 0000            dc.b   "bulum molestie, mauris a" 
   76  005a6 0000            dc.b   "rcu euismod nulla, in tr" 
   77  005be 0000            dc.b   "istique odio sapien vel " 
   78  005d6 0000            dc.b   "ante. In ultrices in sap" 
   79  005ee 0000            dc.b   "ien at facilisis. Sed lo" 
   80  00606 0000            dc.b   "rem turpis, tempor sit a" 
   81  0061e 0000            dc.b   "met porta et, porttitor " 
   82  00636 0000            dc.b   "sit amet libero. Praesen" 
   83  0064e 0000            dc.b   "t a mi posuere turpis bi" 
   84  00666 0000            dc.b   "bendum maximus. Curabitu" 
   85  0067e 0000            dc.b   "r eros dolor, semper at " 
   86  00696 0000            dc.b   "aliquet at, porta in ant" 
   87  006ae 0000            dc.b   "e. Orci varius natoque p" 
   88  006c6 0000            dc.b   "enatibus et magnis dis p" 
   89  006de 0000            dc.b   "arturient montes, nascet" 
   90  006f6 0000            dc.b   "ur ridiculus mus. Nam so" 
   91  0070e 0000            dc.b   "llicitudin nulla in arcu" 
   92  00726 0000            dc.b   " congue, eu mollis arcu " 
   93  0073e 0000            dc.b   "laoreet. In posuere enim" 
   94  00756 0000            dc.b   " eu aliquam egestas. Pha" 
   95  0076e 0000            dc.b   "sellus quis lorem ut odi" 
   96  00786 0000            dc.b   "o porttitor iaculis eu u" 
   97  0079e 0000            dc.b   "ltricies mauris. In fini" 
   98  007b6 0000            dc.b   "bus mi sed imperdiet int" 
   99  007ce 0000            dc.b   "erdum.",$13,$13,"Nunc co" 
  100  007dd 0000            dc.b   "ndimentum sapien magna, " 
  101  007f5 0000            dc.b   "vel pretium orci molesti" 
  102  0080d 0000            dc.b   "e ac. Sed sapien quam, t" 
  103  00825 0000            dc.b   "empus vitae risus id, he" 
  104  0083d 0000            dc.b   "ndrerit iaculis ligula. " 
  105  00855 0000            dc.b   "Donec at maximus odio. P" 
  106  0086d 0000            dc.b   "roin efficitur, nibh et " 
  107  00885 0000            dc.b   "semper maximus, ex dui e" 
  108  0089d 0000            dc.b   "fficitur odio, eu auctor" 
  109  008b5 0000            dc.b   " dui augue ut orci. Null" 
  110  008cd 0000            dc.b   "a facilisi. Cras tempus " 
  111  008e5 0000            dc.b   "dictum lorem, tincidunt " 
  112  008fd 0000            dc.b   "varius justo ultrices a." 
  113  00915 0000            dc.b   " Vivamus consectetur dui" 
  114  0092d 0000            dc.b   " ac aliquam eleifend. Fu" 
  115  00945 0000            dc.b   "sce volutpat tincidunt n" 
  116  0095d 0000            dc.b   "eque vitae lacinia.",$13 
  117  00971 0000            dc.b   $13,"Nunc vestibulum dui " 
  118  00986 0000            dc.b   "id elementum facilisis. " 
  119  0099e 0000            dc.b   "Donec urna augue, rhoncu" 
  120  009b6 0000            dc.b   "s a malesuada et, faucib" 
  121  009ce 0000            dc.b   "us et augue. Pellentesqu" 
  122  009e6 0000            dc.b   "e imperdiet quam at est " 
  123  009fe 0000            dc.b   "vestibulum elementum. Et" 
  124  00a16 0000            dc.b   "iam hendrerit, nunc quis" 
  125  00a2e 0000            dc.b   " ultrices semper, dui di" 
  126  00a46 0000            dc.b   "am elementum massa, sed " 
  127  00a5e 0000            dc.b   "pellentesque diam augue " 
  128  00a76 0000            dc.b   "vel augue. Sed sed aucto" 
  129  00a8e 0000            dc.b   "r ante, molestie pretium" 
  130  00aa6 0000            dc.b   " purus. Integer a mi in " 
  131  00abe 0000            dc.b   "nunc ultricies semper at" 
  132  00ad6 0000            dc.b   " a mi. Sed bibendum ligu" 
  133  00aee 0000            dc.b   "la eget augue aliquet pl" 
  134  00b06 0000            dc.b   "acerat. Quisque rhoncus " 
  135  00b1e 0000            dc.b   "fringilla aliquet. Morbi" 
  136  00b36 0000            dc.b   " felis odio, rhoncus sed" 
  137  00b4e 0000            dc.b   " pulvinar sit amet, laci" 
  138  00b66 0000            dc.b   "nia in lacus.",$13,$13 
  139  00b75 0000            dc.b   "Class aptent taciti soci" 
  140  00b8d 0000            dc.b   "osqu ad litora torquent " 
  141  00ba5 0000            dc.b   "per conubia nostra, per " 
  142  00bbd 0000            dc.b   "inceptos himenaeos. Etia" 
  143  00bd5 0000            dc.b   "m molestie est sed felis" 
  144  00bed 0000            dc.b   " pretium maximus. Nullam" 
  145  00c05 0000            dc.b   " laoreet justo vel ex he" 
  146  00c1d 0000            dc.b   "ndrerit, nec dignissim p" 
  147  00c35 0000            dc.b   "urus rutrum. Maecenas fe" 
  148  00c4d 0000            dc.b   "lis turpis, accumsan ac " 
  149  00c65 0000            dc.b   "velit at, faucibus moles" 
  150  00c7d 0000            dc.b   "tie ipsum. Vivamus venen" 
  151  00c95 0000            dc.b   "atis libero vel est impe" 
  152  00cad 0000            dc.b   "rdiet bibendum. Proin gr" 
  153  00cc5 0000            dc.b   "avida est turpis, sit am" 
  154  00cdd 0000            dc.b   "et cursus augue cursus u" 
  155  00cf5 0000            dc.b   "t. Duis quis turpis comm" 
  156  00d0d 0000            dc.b   "odo, consectetur lacus i" 
  157  00d25 0000            dc.b   "d, mollis eros. Vestibul" 
  158  00d3d 0000            dc.b   "um ante ipsum primis in " 
  159  00d55 0000            dc.b   "faucibus orci luctus et " 
  160  00d6d 0000            dc.b   "ultrices posuere cubilia" 
  161  00d85 0000            dc.b   " curae;",$13,$13,"Nulla " 
  162  00d94 0000            dc.b   "aliquet tortor ac dui ph" 
  163  00dac 0000            dc.b   "aretra, sed elementum di" 
  164  00dc4 0000            dc.b   "am consequat. Integer sa" 
  165  00ddc 0000            dc.b   "gittis lectus eros, nec " 
  166  00df4 0000            dc.b   "fringilla risus condimen" 
  167  00e0c 0000            dc.b   "tum eget. Praesent preti" 
  168  00e24 0000            dc.b   "um massa eget lorem soda" 
  169  00e3c 0000            dc.b   "les pharetra at vitae au" 
  170  00e54 0000            dc.b   "gue. Pellentesque et orn" 
  171  00e6c 0000            dc.b   "are felis. In hac habita" 
  172  00e84 0000            dc.b   "sse platea dictumst. Ves" 
  173  00e9c 0000            dc.b   "tibulum dapibus condimen" 
  174  00eb4 0000            dc.b   "tum justo id cursus. Ali" 
  175  00ecc 0000            dc.b   "quam aliquet placerat fe" 
  176  00ee4 0000            dc.b   "lis, eget efficitur ante" 
  177  00efc 0000            dc.b   " iaculis vel. Donec cond" 
  178  00f14 0000            dc.b   "imentum odio commodo, ul" 
  179  00f2c 0000            dc.b   "trices nunc et, varius t" 
  180  00f44 0000            dc.b   "ellus. Mauris vulputate " 
  181  00f5c 0000            dc.b   "vitae nibh sed congue. I" 
  182  00f74 0000            dc.b   "n vulputate pharetra urn" 
  183  00f8c 0000            dc.b   "a sit amet tempor. In ha" 
  184  00fa4 0000            dc.b   "c habitasse platea dictu" 
  185  00fbc 0000            dc.b   "mst. Nunc tempor dapibus" 
  186  00fd4 0000            dc.b   " egestas. Donec diam dui" 
  187  00fec 0000            dc.b   ", mollis vel congue nec," 
  188  01004 0000            dc.b   " congue eget lorem.",$13 
  189  01018 0000            dc.b   $13,"Proin ac luctus lacu" 
  190  0102d 0000            dc.b   "s. Donec in arcu ut sapi" 
  191  01045 0000            dc.b   "en elementum venenatis s" 
  192  0105d 0000            dc.b   "it amet vitae nunc. Pell" 
  193  01075 0000            dc.b   "entesque eu efficitur ve" 
  194  0108d 0000            dc.b   "lit. Curabitur convallis" 
  195  010a5 0000            dc.b   " vestibulum ornare. Pell" 
  196  010bd 0000            dc.b   "entesque at lacinia sem." 
  197  010d5 0000            dc.b   " Donec gravida, arcu fin" 
  198  010ed 0000            dc.b   "ibus pulvinar viverra, a" 
  199  01105 0000            dc.b   "rcu quam auctor nunc, qu" 
  200  0111d 0000            dc.b   "is blandit ante neque si" 
  201  01135 0000            dc.b   "t amet ex. Mauris ac ex " 
  202  0114d 0000            dc.b   "ut risus volutpat mollis" 
  203  01165 0000            dc.b   " sit amet at nunc. Quisq" 
  204  0117d 0000            dc.b   "ue at turpis in arcu auc" 
  205  01195 0000            dc.b   "tor hendrerit at ut ligu" 
  206  011ad 0000            dc.b   "la. Aliquam nisi nunc, c" 
  207  011c5 0000            dc.b   "ommodo vitae fringilla s" 
  208  011dd 0000            dc.b   "it amet, aliquet in turp" 
  209  011f5 0000            dc.b   "is. Sed viverra orci sed" 
  210  0120d 0000            dc.b   " dolor sagittis congue. " 
  211  01225 0000            dc.b   "In hac habitasse platea " 
  212  0123d 0000            dc.b   "dictumst. Pellentesque h" 
  213  01255 0000            dc.b   "abitant morbi tristique " 
  214  0126d 0000            dc.b   "senectus et netus et mal" 
  215  01285 0000            dc.b   "esuada fames ac turpis e" 
  216  0129d 0000            dc.b   "gestas.",$13,$13,"Aenean" 
  217  012ac 0000            dc.b   " commodo vitae quam et e" 
  218  012c4 0000            dc.b   "fficitur. Etiam lobortis" 
  219  012dc 0000            dc.b   " erat eget est blandit p" 
  220  012f4 0000            dc.b   "ulvinar. Aenean congue e" 
  221  0130c 0000            dc.b   "nim in lorem ullamcorper" 
  222  01324 0000            dc.b   " tincidunt. Sed sit amet" 
  223  0133c 0000            dc.b   " rutrum neque. Cras eget" 
  224  01354 0000            dc.b   " congue est. Suspendisse" 
  225  0136c 0000            dc.b   " feugiat dolor eu libero" 
  226  01384 0000            dc.b   " pretium pulvinar. Nunc " 
  227  0139c 0000            dc.b   "viverra turpis egestas d" 
  228  013b4 0000            dc.b   "ui condimentum cursus. U" 
  229  013cc 0000            dc.b   "t ornare quam purus, non" 
  230  013e4 0000            dc.b   " consectetur diam effici" 
  231  013fc 0000            dc.b   "tur quis.",$13,$13,"Cras" 
  232  0140b 0000            dc.b   " mollis est vel odio sus" 
  233  01423 0000            dc.b   "cipit mollis. Nulla faci" 
  234  0143b 0000            dc.b   "lisi. Suspendisse dui ju" 
  235  01453 0000            dc.b   "sto, sollicitudin ac mal" 
  236  0146b 0000            dc.b   "esuada id, mattis vel nu" 
  237  01483 0000            dc.b   "nc. Praesent turpis tort" 
  238  0149b 0000            dc.b   "or, feugiat posuere metu" 
  239  014b3 0000            dc.b   "s ut, convallis varius n" 
  240  014cb 0000            dc.b   "isl. Sed blandit est mi," 
  241  014e3 0000            dc.b   " ultrices blandit lorem " 
  242  014fb 0000            dc.b   "placerat in. In hac habi" 
  243  01513 0000            dc.b   "tasse platea dictumst. A" 
  244  0152b 0000            dc.b   "enean non tellus ante. N" 
  245  01543 0000            dc.b   "unc non nunc a nunc vulp" 
  246  0155b 0000            dc.b   "utate posuere non ut arc" 
  247  01573 0000            dc.b   "u. Donec id ipsum ut leo" 
  248  0158b 0000            dc.b   " interdum bibendum sed e" 
  249  015a3 0000            dc.b   "get massa. Suspendisse s" 
  250  015bb 0000            dc.b   "ed enim vitae ipsum dapi" 
  251  015d3 0000            dc.b   "bus pretium.",$13,$13,"M" 
  252  015e2 0000            dc.b   "auris ullamcorper malesu" 
  253  015fa 0000            dc.b   "ada felis. Pellentesque " 
  254  01612 0000            dc.b   "sed interdum metus. Null" 
  255  0162a 0000            dc.b   "am bibendum augue vel ju" 
  256  01642 0000            dc.b   "sto tincidunt, eu placer" 
  257  0165a 0000            dc.b   "at augue auctor. Nulla e" 
  258  01672 0000            dc.b   "get posuere augue. Integ" 
  259  0168a 0000            dc.b   "er a pretium diam, sit a" 
  260  016a2 0000            dc.b   "met tincidunt enim. Sed " 
  261  016ba 0000            dc.b   "et hendrerit libero, id " 
  262  016d2 0000            dc.b   "pharetra tortor. Donec a" 
  263  016ea 0000            dc.b   " luctus nulla. Morbi eui" 
  264  01702 0000            dc.b   "smod nulla lectus, vel f" 
  265  0171a 0000            dc.b   "inibus orci eleifend sit" 
  266  01732 0000            dc.b   " amet. Nam posuere, nisl" 
  267  0174a 0000            dc.b   " non condimentum venenat" 
  268  01762 0000            dc.b   "is, ligula urna imperdie" 
  269  0177a 0000            dc.b   "t orci, eu viverra ipsum" 
  270  01792 0000            dc.b   " lacus ut velit. Fusce v" 
  271  017aa 0000            dc.b   "el scelerisque lectus. U" 
  272  017c2 0000            dc.b   "t et semper ante.",$13 
  273  017d4 0000            dc.b   $13,"Vivamus ut sagittis " 
  274  017e9 0000            dc.b   "lectus, vitae bibendum a" 
  275  01801 0000            dc.b   "nte. Cras sit amet rutru" 
  276  01819 0000            dc.b   "m dolor. Vestibulum scel" 
  277  01831 0000            dc.b   "erisque erat neque, non " 
  278  01849 0000            dc.b   "rhoncus ante malesuada n" 
  279  01861 0000            dc.b   "on. Morbi fringilla id e" 
  280  01879 0000            dc.b   "st nec fermentum. Curabi" 
  281  01891 0000            dc.b   "tur non odio maximus, fa" 
  282  018a9 0000            dc.b   "cilisis elit nec, condim" 
  283  018c1 0000            dc.b   "entum est. Aenean vitae " 
  284  018d9 0000            dc.b   "est feugiat, convallis m" 
  285  018f1 0000            dc.b   "assa id, vehicula dolor." 
  286  01909 0000            dc.b   " Nam elementum neque nis" 
  287  01921 0000            dc.b   "i, finibus venenatis mas" 
  288  01939 0000            dc.b   "sa cursus quis. Etiam at" 
  289  01951 0000            dc.b   " metus vitae erat varius" 
  290  01969 0000            dc.b   " convallis. Sed venenati" 
  291  01981 0000            dc.b   "s purus vitae auctor com" 
  292  01999 0000            dc.b   "modo. Phasellus id eros " 
  293  019b1 0000            dc.b   "orci. Duis tristique lac" 
  294  019c9 0000            dc.b   "us ac aliquet viverra. E" 
  295  019e1 0000            dc.b   "tiam vehicula porta urna" 
  296  019f9 0000            dc.b   " ut vulputate. Aenean tu" 
  297  01a11 0000            dc.b   "rpis odio, volutpat in j" 
  298  01a29 0000            dc.b   "usto eget, vestibulum ma" 
  299  01a41 0000            dc.b   "lesuada mauris. In dictu" 
  300  01a59 0000            dc.b   "m elementum porta. Nulla" 
  301  01a71 0000            dc.b   " facilisi. Aliquam erat " 
  302  01a89 0000            dc.b   "volutpat.",$13,$13,"In h" 
  303  01a98 0000            dc.b   "ac habitasse platea dict" 
  304  01ab0 0000            dc.b   "umst. Pellentesque habit" 
  305  01ac8 0000            dc.b   "ant morbi tristique sene" 
  306  01ae0 0000            dc.b   "ctus et netus et malesua" 
  307  01af8 0000            dc.b   "da fames ac turpis egest" 
  308  01b10 0000            dc.b   "as. Quisque ornare eget " 
  309  01b28 0000            dc.b   "augue sed aliquam. Quisq" 
  310  01b40 0000            dc.b   "ue nec justo sed justo l" 
  311  01b58 0000            dc.b   "uctus pharetra. Cras pel" 
  312  01b70 0000            dc.b   "lentesque velit eu felis" 
  313  01b88 0000            dc.b   " auctor, vel sodales ris" 
  314  01ba0 0000            dc.b   "us faucibus. Ut consecte" 
  315  01bb8 0000            dc.b   "tur venenatis lobortis. " 
  316  01bd0 0000            dc.b   "Nullam non porttitor eni" 
  317  01be8 0000            dc.b   "m. Integer porttitor ero" 
  318  01c00 0000            dc.b   "s nec elementum laoreet." 
  319  01c18 0000            dc.b   " Fusce sollicitudin laor" 
  320  01c30 0000            dc.b   "eet pulvinar. Proin susc" 
  321  01c48 0000            dc.b   "ipit, velit sed dapibus " 
  322  01c60 0000            dc.b   "commodo, dolor quam soll" 
  323  01c78 0000            dc.b   "icitudin massa, sit amet" 
  324  01c90 0000            dc.b   " gravida arcu urna eget " 
  325  01ca8 0000            dc.b   "tortor. Ut elementum ero" 
  326  01cc0 0000            dc.b   "s quis purus pulvinar, e" 
  327  01cd8 0000            dc.b   "t fermentum est sceleris" 
  328  01cf0 0000            dc.b   "que. Quisque varius pret" 
  329  01d08 0000            dc.b   "ium imperdiet.",$13,$13 
  330  01d18 0000            dc.b   "Maecenas tincidunt ut sa" 
  331  01d30 0000            dc.b   "pien ut lobortis. Aliqua" 
  332  01d48 0000            dc.b   "m erat volutpat. Suspend" 
  333  01d60 0000            dc.b   "isse varius sem nibh, a " 
  334  01d78 0000            dc.b   "scelerisque sem vulputat" 
  335  01d90 0000            dc.b   "e at. Ut lobortis mollis" 
  336  01da8 0000            dc.b   " orci, quis tempor tellu" 
  337  01dc0 0000            dc.b   "s lobortis nec. Cras eui" 
  338  01dd8 0000            dc.b   "smod imperdiet nisi et l" 
  339  01df0 0000            dc.b   "uctus. Maecenas at sapie" 
  340  01e08 0000            dc.b   "n ac purus eleifend port" 
  341  01e20 0000            dc.b   "titor. Nunc vel ultrices" 
  342  01e38 0000            dc.b   " tellus, non commodo orc" 
  343  01e50 0000            dc.b   "i. Suspendisse venenatis" 
  344  01e68 0000            dc.b   " vel turpis ornare sempe" 
  345  01e80 0000            dc.b   "r. Donec auctor augue et" 
  346  01e98 0000            dc.b   " sodales vehicula. Quisq" 
  347  01eb0 0000            dc.b   "ue condimentum augue sit" 
  348  01ec8 0000            dc.b   " amet tincidunt fermentu" 
  349  01ee0 0000            dc.b   "m. Pellentesque habitant" 
  350  01ef8 0000            dc.b   " morbi tristique senectu" 
  351  01f10 0000            dc.b   "s et netus et malesuada " 
  352  01f28 0000            dc.b   "fames ac turpis egestas." 
  353  01f40 0000            dc.b   " Morbi tristique vestibu" 
  354  01f58 0000            dc.b   "lum interdum.",$13,$13 
  355  01f67 0000            dc.b   "Maecenas dignissim eros " 
  356  01f7f 0000            dc.b   "tortor, ac elementum ris" 
  357  01f97 0000            dc.b   "us finibus eget. Praesen" 
  358  01faf 0000            dc.b   "t ut nibh neque. Nulla l" 
  359  01fc7 0000            dc.b   "eo ipsum, efficitur et u" 
  360  01fdf 0000            dc.b   "ltrices quis, blandit a " 
  361  01ff7 0000            dc.b   "nunc. Nunc dapibus vesti" 
  362  0200f 0000            dc.b   "bulum venenatis. Morbi q" 
  363  02027 0000            dc.b   "uam arcu, accumsan vel p" 
  364  0203f 0000            dc.b   "haretra id, ornare a dui" 
  365  02057 0000            dc.b   ". Aliquam erat volutpat." 
  366  0206f 0000            dc.b   " Aliquam erat volutpat. " 
  367  02087 0000            dc.b   "Morbi et rhoncus est. Do" 
  368  0209f 0000            dc.b   "nec pharetra neque eu ma" 
  369  020b7 0000            dc.b   "ssa lobortis eleifend. N" 
  370  020cf 0000            dc.b   "ulla id sem quis ipsum a" 
  371  020e7 0000            dc.b   "uctor vulputate. Pellent" 
  372  020ff 0000            dc.b   "esque habitant morbi tri" 
  373  02117 0000            dc.b   "stique senectus et netus" 
  374  0212f 0000            dc.b   " et malesuada fames ac t" 
  375  02147 0000            dc.b   "urpis egestas. Quisque u" 
  376  0215f 0000            dc.b   "t consequat arcu. Nulla " 
  377  02177 0000            dc.b   "sit amet dui non odio pe" 
  378  0218f 0000            dc.b   "llentesque tristique." 
  379  021a4 0000            dc.b   $13,$13,"Donec felis tort" 
  380  021b6 0000            dc.b   "or, lacinia et tincidunt" 
  381  021ce 0000            dc.b   " ut, pellentesque nec nu" 
  382  021e6 0000            dc.b   "lla. Vivamus scelerisque" 
  383  021fe 0000            dc.b   " vehicula ligula, sit am" 
  384  02216 0000            dc.b   "et tincidunt sapien elei" 
  385  0222e 0000            dc.b   "fend volutpat. Praesent " 
  386  02246 0000            dc.b   "maximus dui et nisi susc" 
  387  0225e 0000            dc.b   "ipit pulvinar. Pellentes" 
  388  02276 0000            dc.b   "que habitant morbi trist" 
  389  0228e 0000            dc.b   "ique senectus et netus e" 
  390  022a6 0000            dc.b   "t malesuada fames ac tur" 
  391  022be 0000            dc.b   "pis egestas. Nunc in tel" 
  392  022d6 0000            dc.b   "lus erat. Maecenas accum" 
  393  022ee 0000            dc.b   "san neque sit amet nisl " 
  394  02306 0000            dc.b   "facilisis, eget ultrices" 
  395  0231e 0000            dc.b   " nunc pharetra. Vivamus " 
  396  02336 0000            dc.b   "et nisi et libero pretiu" 
  397  0234e 0000            dc.b   "m commodo. Suspendisse i" 
  398  02366 0000            dc.b   "n volutpat mi, vitae tin" 
  399  0237e 0000            dc.b   "cidunt tortor. Sed vel l" 
  400  02396 0000            dc.b   "ectus eros. Donec sollic" 
  401  023ae 0000            dc.b   "itudin scelerisque lorem" 
  402  023c6 0000            dc.b   ", eget tempus quam rutru" 
  403  023de 0000            dc.b   "m ut.",$13,$13,"Aliquam " 
  404  023ed 0000            dc.b   "viverra pellentesque ips" 
  405  02405 0000            dc.b   "um posuere elementum.",$0 
  406  0241b 0000            dc.b   $0         
  407
  408
  409
  410  0241c 0000            ends              
  411
  412  00000 4e55 main:      link.w a5,#0      
  413  00004 48e7            movem.l a0/d0-d1/d4,-(sp) 
  414  00008 203c            move.l #-68,d0    
  415  0000e 6100            bsr.w  _stkcheck  
  416  00012 7800            moveq  #0,d4      
  417  00014 6012            bra.s  L00028     
  418  00016 2004 L00016     move.l d4,d0      
  419  00018 e588            lsl.l  #2,d0      
  420  0001a 207c            movea.l #bigarray,a0 
  421  00020 d1ce            adda.l a6,a0      
  422  00022 2184            move.l d4,(a0,d0.l) 
  423  00026 5284            addq.l #1,d4      
  424  00028 0c84 L00028     cmpi.l #10000,d4  
  425  0002e 65e6            bcs.s  L00016     
  426  00030 207c            movea.l #loremIpsum,a0 
  427  00036 d1ce            adda.l a6,a0      
  428  00038 2208            move.l a0,d1      
  429  0003a 41fa            lea    L0004e(pc),a0 
  430  0003e 2008            move.l a0,d0      
  431  00040 6100            bsr.w  printf     
  432  00044 4ced            movem.l -12(a5),a0/d1/d4 
  433  0004a 4e5d            unlk   a5         
  434  0004c 4e75            rts               
  435  0004e 5265 L0004e     addq.w #1,-(a5)   
  436  00050 6d6f            dc.w   $6d6f      
  437  00052 7465            moveq  #101,d2    
  438  00054 2073            dc.w   $2073      
  439  00056 7472            moveq  #114,d2    
  440  00058 696e            bvs.s  L000c8     
  441  0005a 673a            beq.s  L00096     
  442  0005c 2025            move.l -(a5),d0   
  443  0005e 7300            dc.w   $7300      
  444
  445  00060 0000            ends              
  446
