    0  00000 0000            psect  module,$0,$0,23,0,MD$MPtr 
    1
    2  00000 0000            ends              
    2
