    0  00000 0000            psect  oskfuncs,0,0,40,0,VIQ_TxtL 
    1
    2
    3  00000 0000            ends              
    3
