    0  00000 0000            psect  process,$0,$0,31,0,b_endata 
    1
    2  00000 0000            ends              
    2
