    0  00000 0000            psect  sysglob,0,0,37,0,T_ColdSP 
    1
    2
    3  00000 0000            ends              
    4
