    0  00000 0000            psect  abs_a,0,0,0,0,abs 
    1
    2  00000 4a80 abs:       tst.l  d0         
    3  00002 6a02            bpl.s  L00006     
    4  00004 4480            neg.l  d0         
    5  00006 4e75 L00006     rts               
    6
    7  00008 0000            ends              
    8
