    0  00000 0000            psect  asctime_c,0,0,0,0,asctime 
    1
    2
    3 * Uninitialized Data (Class "D")
    4
    5  00000 0000            vsect             
    6  00000 0000 D00000     ds.b   26         
    7
    8
    9  00000 0000            ends              
    9
   10
   11 * Initialized Data (Class"_")
   12
   13  00000 0000            vsect             
   14  00000 0000 _00000     dc.l   L00064     
   15  00004 0000            dc.l   L00068     
   16  00008 0000            dc.l   L0006c     
   17  0000c 0000            dc.l   L00070     
   18  00010 0000            dc.l   L00074     
   19  00014 0000            dc.l   L00078     
   20  00018 0000            dc.l   L0007c     
   21  0001c 0000 _0001c     dc.l   L00080     
   22  00020 0000            dc.l   L00084     
   23  00024 0000            dc.l   L00088     
   24  00028 0000            dc.l   L0008c     
   25  0002c 0000            dc.l   L00090     
   26  00030 0000            dc.l   L00094     
   27  00034 0000            dc.l   L00098     
   28  00038 0000            dc.l   L0009c     
   29  0003c 0000            dc.l   L000a0     
   30  00040 0000            dc.l   L000a4     
   31  00044 0000            dc.l   L000a8     
   32  00048 0000            dc.l   L000ac     
   33
   34
   35  0004c 0000            ends              
   35
   36  00000 4e55 asctime:   link.w a5,#0      
   37  00004 48e7            movem.l a0-a1/d0-d1,-(sp) 
   38  00008 2057            movea.l (sp),a0    
   39  0000a 203c            move.l #1900,d0   
   40  00010 d0a8            add.l  20(a0),d0  
   41  00014 2f00            move.l d0,-(sp)   
   42  00016 2f10            move.l (a0),-(sp) 
   43  00018 2f28            move.l 4(a0),-(sp) 
   44  0001c 2f28            move.l 8(a0),-(sp) 
   45  00020 2f28            move.l 12(a0),-(sp) 
   46  00024 2028            move.l 16(a0),d0  
   47  00028 e588            lsl.l  #2,d0      
   48  0002a 43ee            lea    _0001c(a6),a1 
   49  0002e 2f31            move.l (a1,d0.l),-(sp) 
   50  00032 2028            move.l 24(a0),d0  
   51  00036 e588            lsl.l  #2,d0      
   52  00038 43ee            lea    _00000(a6),a1 
   53  0003c 2f31            move.l (a1,d0.l),-(sp) 
   54  00040 43fa            lea    L000b0(pc),a1 
   55  00044 2209            move.l a1,d1      
   56  00046 43ee            lea    D00000(a6),a1 
   57  0004a 2009            move.l a1,d0      
   58  0004c 6100            bsr.w  sprintf    
   59  00050 4fef            lea    28(sp),sp  
   60  00054 41ee            lea    D00000(a6),a0 
   61  00058 2008            move.l a0,d0      
   62  0005a 4ced            movem.l -12(a5),a0-a1/d1 
   63  00060 4e5d            unlk   a5         
   64  00062 4e75            rts               
   65  00064 5375 L00064     dc.b   $53,$75,$6e,$00 
             006e0000
   66  00068 4d6f L00068     dc.b   $4d,$6f,$6e,$00 
             006e0000
   67  0006c 5475 L0006c     dc.b   $54,$75,$65,$00 
             00650000
   68  00070 5765 L00070     dc.b   $57,$65,$64,$00 
             00640000
   69  00074 5468 L00074     dc.b   $54,$68,$75,$00 
             00750000
   70  00078 4672 L00078     dc.b   $46,$72,$69,$00 
             00690000
   71  0007c 5361 L0007c     dc.b   $53,$61,$74,$00 
             00740000
   72  00080 4a61 L00080     dc.b   $4a,$61,$6e,$00 
             006e0000
   73  00084 4665 L00084     dc.b   $46,$65,$62,$00 
             00620000
   74  00088 4d61 L00088     dc.b   $4d,$61,$72,$00 
             00720000
   75  0008c 4170 L0008c     dc.b   $41,$70,$72,$00 
             00720000
   76  00090 4d61 L00090     dc.b   $4d,$61,$79,$00 
             00790000
   77  00094 4a75 L00094     dc.b   $4a,$75,$6e,$00 
             006e0000
   78  00098 4a75 L00098     dc.b   $4a,$75,$6c,$00 
             006c0000
   79  0009c 4175 L0009c     dc.b   $41,$75,$67,$00 
             00670000
   80  000a0 5365 L000a0     dc.b   $53,$65,$70,$00 
             00700000
   81  000a4 4f63 L000a4     dc.b   $4f,$63,$74,$00 
             00740000
   82  000a8 4e6f L000a8     dc.b   $4e,$6f,$76,$00 
             00760000
   83  000ac 4465 L000ac     dc.b   $44,$65,$63,$00 
             00630000
   84  000b0 2533 L000b0     dc.b   $25,$33,$73,$20,$25,$33 
             0073002000250033
   85  000b6 7320            dc.b   $73,$20,$25,$32,$64,$20 
             0025003200640020
   86  000bc 2530            dc.b   $25,$30,$32,$64,$3a,$25 
             00320064003a0025
   87  000c2 3032            dc.b   $30,$32,$64,$3a,$25,$30 
             0064003a00250030
   88  000c8 3264            dc.b   $32,$64,$20,$25,$34,$64 
             0020002500340064
   89  000ce 0d00            dc.b   $0d,$00,$00 
             0000
   90
   91  000d1 0000            ends              
   91
