    0  00000 0000            psect  atof_c,0,0,0,0,atof 
    1
    2  00000 4e55 atof:      link.w a5,#0      
    3  00004 48e7            movem.l a2/d0-d1/d4,-(sp) 
    4  00008 2440            movea.l d0,a2      
    5  0000a 518f            subq.l #8,sp      
    6  0000c 282e            move.l errno(a6),d4 
    7  00010 7200            moveq  #0,d1      
    8  00012 200a            move.l a2,d0      
    9  00014 6100            bsr.w  strtod     
   10  00018 48d7            movem.l d0-d1,(sp) 
   11  0001c 2d44            move.l d4,errno(a6) 
   12  00020 4cd7            movem.l (sp),d0-d1 
   13  00024 508f            addq.l #8,sp      
   14  00026 4ced            movem.l -8(a5),a2/d4 
   15  0002c 4e5d            unlk   a5         
   16  0002e 4e75            rts               
   17
   18  00030 0000            ends              
   18
