    0  00000 0000            psect  atou_c,0,0,0,0,_atou 
    1
    2  00000 4e55 _atou:     link.w a5,#0      
    3  00004 48e7            movem.l a2/d0-d1,-(sp) 
    4  00008 2440            movea.l d0,a2      
    5  0000a 4878 L0000a     pea    (L0000a).w 
    6  0000e 7200            moveq  #0,d1      
    7  00010 200a            move.l a2,d0      
    8  00012 6100            bsr.w  strtoul    
    9  00016 588f            addq.l #4,sp      
   10  00018 4ced            movem.l -8(a5),a2/d1 
   11  0001e 4e5d            unlk   a5         
   12  00020 4e75            rts               
   13
   14  00022 0000            ends              
   14
