    0  00000 0000            psect  cdiv_a,0,0,1,0,L00000 
    1
    2
    3  00000 0000            ends              
    4
