    0  00000 0000            psect  change_a,$0,$0,0,0,chmod 
    1  00000 4e55 chmod:     link.w a5,#0      
    2  00004 48e7            movem.l a0/d1-d2,-(sp) 
    3  00008 2401            move.l d1,d2      
    4  0000a 2040            movea.l d0,a0      
    5  0000c 7000            moveq  #0,d0      
    6  0000e 4e40            os9    I$Open     
    7  00012 6500            bcs.w  _os9err    
    8  00016 7200            moveq  SS_Attr,d1 
    9  00018 4e40            os9    I$SetStt   
   10  0001c 643e            bcc.s  L0005c     
   11  0001e 2401 L0001e     move.l d1,d2      
   12  00020 4e40            os9    I$Close    
   13  00024 2202            move.l d2,d1      
   14  00026 6000            bra.w  _os9err    
   15  0002a 4e55 chown:     link.w a5,#-28    
   16  0002e 48ed            movem.l a0/d1-d2,-12(a5) 
   17  00034 2040            movea.l d0,a0      
   18  00036 7002            moveq  #2,d0      
   19  00038 4e40            os9    I$Open     
   20  0003c 65e0            bcs.s  L0001e     
   21  0003e 7200            moveq  SS_FD,d1   
   22  00040 7410            moveq  #16,d2     
   23  00042 41d7            lea    (sp),a0    
   24  00044 4e40            os9    I$GetStt   
   25  00048 65d4            bcs.s  L0001e     
   26  0004a 1f6f            move.b 17(sp),FD_OWN(sp) 
   27  00050 1f6f            move.b 19(sp),FD_OWN+1(sp) 
   28  00056 4e40            os9    I$SetStt   
   29  0005a 65c2            bcs.s  L0001e     
   30  0005c 4e40 L0005c     os9    I$Close    
   31  00060 6000            bra.w  _sysret0   
   32
   33  00064 0000            ends              
   33
