    0  00000 0000            psect  fwrite_c,0,0,0,0,fwrite 
    1
    2  00000 4e55 fwrite:    link.w a5,#0      
    3  00004 48e7            movem.l a2-a3/d0-d1/d4-d5,-(sp) 
    4  00008 2440            movea.l d0,a2      
    5  0000a 266f            movea.l 36(sp),a3  
    6  0000e 7800            moveq  #0,d4      
    7  00010 6024            bra.s  L00036     
    8  00012 7a00 L00012     moveq  #0,d5      
    9  00014 6014            bra.s  L0002a     
   10  00016 220b L00016     move.l a3,d1      
   11  00018 101a            move.b (a2)+,d0   
   12  0001a 4880            ext.w  d0         
   13  0001c 48c0            ext.l  d0         
   14  0001e 6100            bsr.w  putc       
   15  00022 082b            btst.b #5,13(a3)  
   16  00028 6612            bne.s  L0003c     
   17  0002a 2005 L0002a     move.l d5,d0      
   18  0002c 5285            addq.l #1,d5      
   19  0002e b0af            cmp.l  4(sp),d0   
   20  00032 6de2            blt.s  L00016     
   21  00034 5284            addq.l #1,d4      
   22  00036 b8af L00036     cmp.l  32(sp),d4  
   23  0003a 6dd6            blt.s  L00012     
   24  0003c 2004 L0003c     move.l d4,d0      
   25  0003e 4ced            movem.l -16(a5),a2-a3/d4-d5 
   26  00044 4e5d            unlk   a5         
   27  00046 4e75            rts               
   28
   29  00048 0000            ends              
   30
