    0  00000 0000            psect  id_a,0,0,0,0,getpid 
    1
    2  00000 4e55 getpid:    link.w a5,#0      
    3  00004 48e7            movem.l a0/d1-d2,-(sp) 
    4  00008 4e40            os9    F$ID       
    5  0000c 6000            bra.w  _sysret    
    6  00010 4e55 getuid:    link.w a5,#0      
    7  00014 48e7            movem.l a0/d1-d2,-(sp) 
    8  00018 4e40            os9    F$ID       
    9  0001c 6500            bcs.w  _os9err    
   10  00020 2001            move.l d1,d0      
   11  00022 6000            bra.w  _sysret    
   12  00026 4e55 setuid:    link.w a5,#0      
   13  0002a 48e7            movem.l a0/d1-d2,-(sp) 
   14  0002e 2200            move.l d0,d1      
   15  00030 4e40            os9    F$SUser    
   16  00034 6000            bra.w  _sysret    
   17
   18  00038 0000            ends              
   18
