    0  00000 0000            psect  initarg_a,$0,$0,0,0,$0200 
    1  00000 2a5f _initarg:  movea.l (sp)+,a5   
    2  00002 5385 L00002     subq.l #1,d5      
    3  00004 6562            bcs.s  L00068     
    4  00006 1018            move.b (a0)+,d0   
    5  00008 67f8            beq.s  L00002     
    6  0000a 0c00            cmpi.b #13,d0     
    7  0000e 6758            beq.s  L00068     
    8  00010 0c00            cmpi.b #32,d0     
    9  00014 67ec            beq.s  L00002     
   10  00016 0c00            cmpi.b #9,d0      
   11  0001a 67e6            beq.s  L00002     
   12  0001c 0c00            cmpi.b #44,d0     
   13  00020 67e0            beq.s  L00002     
   14  00022 5282            addq.l #1,d2      
   15  00024 0c00            cmpi.b #34,d0     
   16  00028 6730            beq.s  L0005a     
   17  0002a 0c00            cmpi.b #39,d0     
   18  0002e 672a            beq.s  L0005a     
   19  00030 4868            pea    -1(a0)     
   20  00034 5385 L00034     subq.l #1,d5      
   21  00036 6530            bcs.s  L00068     
   22  00038 1018            move.b (a0)+,d0   
   23  0003a 67c6            beq.s  L00002     
   24  0003c 0c00            cmpi.b #13,d0     
   25  00040 6712            beq.s  L00054     
   26  00042 0c00            cmpi.b #32,d0     
   27  00046 670c            beq.s  L00054     
   28  00048 0c00            cmpi.b #9,d0      
   29  0004c 6706            beq.s  L00054     
   30  0004e 0c00            cmpi.b #44,d0     
   31  00052 66e0            bne.s  L00034     
   32  00054 4228 L00054     clr.b  -1(a0)     
   33  00058 60a8            bra.s  L00002     
   34  0005a 4850 L0005a     pea    (a0)       
   35  0005c 5385 L0005c     subq.l #1,d5      
   36  0005e 6508            bcs.s  L00068     
   37  00060 1218            move.b (a0)+,d1   
   38  00062 b001            cmp.b  d1,d0      
   39  00064 66f6            bne.s  L0005c     
   40  00066 60ec            bra.s  L00054     
   41  00068 204f L00068     movea.l sp,a0      
   42  0006a 4857            pea    (sp)       
   43  0006c 2f02            move.l d2,-(sp)   
   44  0006e 5382            subq.l #1,d2      
   45  00070 6710            beq.s  L00082     
   46  00072 e582            asl.l  #2,d2      
   47  00074 2030 L00074     move.l (a0,d2.l),d0 
   48  00078 2190            move.l (a0),(a0,d2.l) 
   49  0007c 20c0            move.l d0,(a0)+   
   50  0007e 5182            subq.l #8,d2      
   51  00080 62f2            bhi.s  L00074     
   52  00082 4ed5 L00082     jmp    (a5)       
   53
   54  00084 0000            ends              
   54
