    0  00000 0000            psect  pfinits_c,0,0,0,0,pffinit 
    1
    2  00000 4e75 pffinit:   rts               
    3  00002 4e75 pflinit:   rts               
    4
    5  00004 0000            ends              
    5
