    0  00000 0000            psect  profdummy_a,$0,$0,0,0,_dumprof 
    1  00000 4e75 _dumprof:  rts               
    2
    3  00002 0000            ends              
    3
