    0  00000 0000            psect  puts_c,$0,$0,0,0,puts 
    1  00000 4e55 puts:      link.w a5,#0      
    2  00004 48e7            movem.l a0/a2/d0-d1,-(sp) 
    3  00008 2440            movea.l d0,a2      
    4  0000a 41ee            lea.l  _iob+28(a6),a0 
    5  0000e 2208            move.l a0,d1      
    6  00010 200a            move.l a2,d0      
    7  00012 6120            bsr.s  fputs      
    8  00014 72ff            moveq  #255,d1    
    9  00016 b280            cmp.l  d0,d1      
   10  00018 6604            bne.s  L0001e     
   11  0001a 70ff            moveq  #255,d0    
   12  0001c 600c            bra.s  L0002a     
   13  0001e 41ee L0001e     lea.l  _iob+28(a6),a0 
   14  00022 2208            move.l a0,d1      
   15  00024 700d            moveq  #13,d0     
   16  00026 6100            bsr.w  putc       
   17  0002a 4ced L0002a     movem.l -12(a5),a0/a2/d1 
   18  00030 4e5d            unlk   a5         
   19  00032 4e75            rts               
   20  00034 4e55 fputs:     link.w a5,#0      
   21  00038 48e7            movem.l a2-a3/d0-d1/d4,-(sp) 
   22  0003c 2440            movea.l d0,a2      
   23  0003e 2641            movea.l d1,a3      
   24  00040 600c            bra.s  L0004e     
   25  00042 220b L00042     move.l a3,d1      
   26  00044 1004            move.b d4,d0      
   27  00046 4880            ext.w  d0         
   28  00048 48c0            ext.l  d0         
   29  0004a 6100            bsr.w  putc       
   30  0004e 181a L0004e     move.b (a2)+,d4   
   31  00050 66f0            bne.s  L00042     
   32  00052 082b            btst.b #5,13(a3)  
   33  00058 6704            beq.s  L0005e     
   34  0005a 70ff            moveq  #255,d0    
   35  0005c 6002            bra.s  L00060     
   36  0005e 7000 L0005e     moveq  #0,d0      
   37  00060 4ced L00060     movem.l -12(a5),a2-a3/d4 
   38  00066 4e5d            unlk   a5         
   39  00068 4e75            rts               
   40
   41  0006a 0000            ends              
   41
