    0  00000 0000            psect  strass_c,$0,$0,0,0,_strass 
    1  00000 48e7 _strass:   movem.l a0-a1,-(sp) 
    2  00004 2040            movea.l d0,a0      
    3  00006 2241            movea.l d1,a1      
    4  00008 202f            move.l 12(sp),d0  
    5  0000c 6002            bra.s  L00010     
    6  0000e 10d9 L0000e     move.b (a1)+,(a0)+ 
    7  00010 51c8 L00010     dbf    d0,L0000e  
    8  00014 4cdf            movem.l (sp)+,a0-a1 
    9  00018 4e75            rts               
   10
   11  0001a 0000            ends              
   11
