    0  00000 0000            psect  tidyup_a,0,0,0,0,_tidyup 
    1
    2  00000 4e75 _tidyup:   rts               
    3
    4  00002 0000            ends              
    4
